[2024-06-16T04:41:44.529+0530][gc,init] CardTable entry size: 512
[2024-06-16T04:41:44.529+0530][gc     ] Using G1
[2024-06-16T04:41:44.530+0530][gc,init] Version: 20.0.2+9-78 (release)
[2024-06-16T04:41:44.530+0530][gc,init] CPUs: 8 total, 8 available
[2024-06-16T04:41:44.530+0530][gc,init] Memory: 16384M
[2024-06-16T04:41:44.530+0530][gc,init] Large Page Support: Disabled
[2024-06-16T04:41:44.530+0530][gc,init] NUMA Support: Disabled
[2024-06-16T04:41:44.530+0530][gc,init] Compressed Oops: Enabled (Zero based)
[2024-06-16T04:41:44.530+0530][gc,init] Heap Region Size: 1M
[2024-06-16T04:41:44.530+0530][gc,init] Heap Min Capacity: 1G
[2024-06-16T04:41:44.530+0530][gc,init] Heap Initial Capacity: 1G
[2024-06-16T04:41:44.530+0530][gc,init] Heap Max Capacity: 1G
[2024-06-16T04:41:44.530+0530][gc,init] Pre-touch: Disabled
[2024-06-16T04:41:44.530+0530][gc,init] Parallel Workers: 8
[2024-06-16T04:41:44.530+0530][gc,init] Concurrent Workers: 2
[2024-06-16T04:41:44.530+0530][gc,init] Concurrent Refinement Workers: 8
[2024-06-16T04:41:44.530+0530][gc,init] Periodic GC: Disabled
[2024-06-16T04:41:44.533+0530][gc,metaspace] CDS archive(s) mapped at: [0x0000000700000000-0x0000000700c78000-0x0000000700c78000), size 13074432, SharedBaseAddress: 0x0000000700000000, ArchiveRelocationMode: 1.
[2024-06-16T04:41:44.533+0530][gc,metaspace] Compressed class space mapped at: 0x0000000701000000-0x0000000741000000, reserved size: 1073741824
[2024-06-16T04:41:44.533+0530][gc,metaspace] Narrow klass base: 0x0000000700000000, Narrow klass shift: 0, Narrow klass range: 0x100000000
[2024-06-16T04:41:45.277+0530][gc,start    ] GC(0) Pause Young (Normal) (G1 Evacuation Pause)
[2024-06-16T04:41:45.278+0530][gc,task     ] GC(0) Using 8 workers of 8 for evacuation
[2024-06-16T04:41:45.280+0530][gc,phases   ] GC(0)   Pre Evacuate Collection Set: 0.1ms
[2024-06-16T04:41:45.280+0530][gc,phases   ] GC(0)   Merge Heap Roots: 0.0ms
[2024-06-16T04:41:45.280+0530][gc,phases   ] GC(0)   Evacuate Collection Set: 2.2ms
[2024-06-16T04:41:45.280+0530][gc,phases   ] GC(0)   Post Evacuate Collection Set: 0.3ms
[2024-06-16T04:41:45.280+0530][gc,phases   ] GC(0)   Other: 0.2ms
[2024-06-16T04:41:45.280+0530][gc,heap     ] GC(0) Eden regions: 51->0(44)
[2024-06-16T04:41:45.280+0530][gc,heap     ] GC(0) Survivor regions: 0->7(7)
[2024-06-16T04:41:45.280+0530][gc,heap     ] GC(0) Old regions: 0->1
[2024-06-16T04:41:45.280+0530][gc,heap     ] GC(0) Archive regions: 2->2
[2024-06-16T04:41:45.280+0530][gc,heap     ] GC(0) Humongous regions: 0->0
[2024-06-16T04:41:45.280+0530][gc,metaspace] GC(0) Metaspace: 18151K(18368K)->18151K(18368K) NonClass: 16072K(16192K)->16072K(16192K) Class: 2078K(2176K)->2078K(2176K)
[2024-06-16T04:41:45.280+0530][gc          ] GC(0) Pause Young (Normal) (G1 Evacuation Pause) 51M->8M(1024M) 3.044ms
[2024-06-16T04:41:45.280+0530][gc,cpu      ] GC(0) User=0.01s Sys=0.01s Real=0.01s
[2024-06-16T04:41:45.392+0530][gc,start    ] GC(1) Pause Young (Concurrent Start) (Metadata GC Threshold)
[2024-06-16T04:41:45.392+0530][gc,task     ] GC(1) Using 8 workers of 8 for evacuation
[2024-06-16T04:41:45.395+0530][gc,phases   ] GC(1)   Pre Evacuate Collection Set: 0.2ms
[2024-06-16T04:41:45.395+0530][gc,phases   ] GC(1)   Merge Heap Roots: 0.0ms
[2024-06-16T04:41:45.395+0530][gc,phases   ] GC(1)   Evacuate Collection Set: 2.2ms
[2024-06-16T04:41:45.395+0530][gc,phases   ] GC(1)   Post Evacuate Collection Set: 0.2ms
[2024-06-16T04:41:45.395+0530][gc,phases   ] GC(1)   Other: 0.0ms
[2024-06-16T04:41:45.395+0530][gc,heap     ] GC(1) Eden regions: 13->0(49)
[2024-06-16T04:41:45.395+0530][gc,heap     ] GC(1) Survivor regions: 7->2(7)
[2024-06-16T04:41:45.395+0530][gc,heap     ] GC(1) Old regions: 1->8
[2024-06-16T04:41:45.395+0530][gc,heap     ] GC(1) Archive regions: 2->2
[2024-06-16T04:41:45.395+0530][gc,heap     ] GC(1) Humongous regions: 0->0
[2024-06-16T04:41:45.395+0530][gc,metaspace] GC(1) Metaspace: 21308K(21504K)->21308K(21504K) NonClass: 18819K(18944K)->18819K(18944K) Class: 2488K(2560K)->2488K(2560K)
[2024-06-16T04:41:45.395+0530][gc          ] GC(1) Pause Young (Concurrent Start) (Metadata GC Threshold) 21M->10M(1024M) 2.653ms
[2024-06-16T04:41:45.395+0530][gc          ] GC(2) Concurrent Mark Cycle
[2024-06-16T04:41:45.395+0530][gc,cpu      ] GC(1) User=0.01s Sys=0.01s Real=0.00s
[2024-06-16T04:41:45.395+0530][gc,marking  ] GC(2) Concurrent Scan Root Regions
[2024-06-16T04:41:45.397+0530][gc,marking  ] GC(2) Concurrent Scan Root Regions 1.513ms
[2024-06-16T04:41:45.400+0530][gc,marking  ] GC(2) Concurrent Mark
[2024-06-16T04:41:45.400+0530][gc,marking  ] GC(2) Concurrent Mark From Roots
[2024-06-16T04:41:45.400+0530][gc,task     ] GC(2) Using 2 workers of 2 for marking
[2024-06-16T04:41:45.400+0530][gc,marking  ] GC(2) Concurrent Mark From Roots 0.461ms
[2024-06-16T04:41:45.400+0530][gc,marking  ] GC(2) Concurrent Preclean
[2024-06-16T04:41:45.400+0530][gc,marking  ] GC(2) Concurrent Preclean 0.006ms
[2024-06-16T04:41:45.401+0530][gc,start    ] GC(2) Pause Remark
[2024-06-16T04:41:45.402+0530][gc          ] GC(2) Pause Remark 11M->11M(1024M) 0.897ms
[2024-06-16T04:41:45.402+0530][gc,cpu      ] GC(2) User=0.00s Sys=0.00s Real=0.00s
[2024-06-16T04:41:45.402+0530][gc,marking  ] GC(2) Concurrent Mark 1.687ms
[2024-06-16T04:41:45.402+0530][gc,marking  ] GC(2) Concurrent Rebuild Remembered Sets and Scrub Regions
[2024-06-16T04:41:45.402+0530][gc,marking  ] GC(2) Concurrent Rebuild Remembered Sets and Scrub Regions 0.579ms
[2024-06-16T04:41:45.402+0530][gc,start    ] GC(2) Pause Cleanup
[2024-06-16T04:41:45.402+0530][gc          ] GC(2) Pause Cleanup 11M->11M(1024M) 0.012ms
[2024-06-16T04:41:45.402+0530][gc,cpu      ] GC(2) User=0.00s Sys=0.00s Real=0.00s
[2024-06-16T04:41:45.402+0530][gc,marking  ] GC(2) Concurrent Clear Claimed Marks
[2024-06-16T04:41:45.402+0530][gc,marking  ] GC(2) Concurrent Clear Claimed Marks 0.009ms
[2024-06-16T04:41:45.402+0530][gc,marking  ] GC(2) Concurrent Cleanup for Next Mark
[2024-06-16T04:41:45.404+0530][gc,marking  ] GC(2) Concurrent Cleanup for Next Mark 1.259ms
[2024-06-16T04:41:45.404+0530][gc          ] GC(2) Concurrent Mark Cycle 8.946ms
[2024-06-16T04:41:45.763+0530][gc,start    ] GC(3) Pause Young (Normal) (G1 Evacuation Pause)
[2024-06-16T04:41:45.763+0530][gc,task     ] GC(3) Using 8 workers of 8 for evacuation
[2024-06-16T04:41:45.766+0530][gc,phases   ] GC(3)   Pre Evacuate Collection Set: 0.2ms
[2024-06-16T04:41:45.766+0530][gc,phases   ] GC(3)   Merge Heap Roots: 0.0ms
[2024-06-16T04:41:45.766+0530][gc,phases   ] GC(3)   Evacuate Collection Set: 2.2ms
[2024-06-16T04:41:45.766+0530][gc,phases   ] GC(3)   Post Evacuate Collection Set: 0.2ms
[2024-06-16T04:41:45.766+0530][gc,phases   ] GC(3)   Other: 0.0ms
[2024-06-16T04:41:45.766+0530][gc,heap     ] GC(3) Eden regions: 49->0(44)
[2024-06-16T04:41:45.766+0530][gc,heap     ] GC(3) Survivor regions: 2->7(7)
[2024-06-16T04:41:45.766+0530][gc,heap     ] GC(3) Old regions: 8->8
[2024-06-16T04:41:45.766+0530][gc,heap     ] GC(3) Archive regions: 2->2
[2024-06-16T04:41:45.766+0530][gc,heap     ] GC(3) Humongous regions: 129->129
[2024-06-16T04:41:45.766+0530][gc,metaspace] GC(3) Metaspace: 32620K(32960K)->32620K(32960K) NonClass: 29104K(29312K)->29104K(29312K) Class: 3516K(3648K)->3516K(3648K)
[2024-06-16T04:41:45.766+0530][gc          ] GC(3) Pause Young (Normal) (G1 Evacuation Pause) 188M->144M(1024M) 2.873ms
[2024-06-16T04:41:45.766+0530][gc,cpu      ] GC(3) User=0.02s Sys=0.00s Real=0.00s
[2024-06-16T04:41:45.840+0530][gc,start    ] GC(4) Pause Young (Concurrent Start) (Metadata GC Threshold)
[2024-06-16T04:41:45.840+0530][gc,task     ] GC(4) Using 8 workers of 8 for evacuation
[2024-06-16T04:41:45.843+0530][gc,phases   ] GC(4)   Pre Evacuate Collection Set: 0.1ms
[2024-06-16T04:41:45.843+0530][gc,phases   ] GC(4)   Merge Heap Roots: 0.0ms
[2024-06-16T04:41:45.843+0530][gc,phases   ] GC(4)   Evacuate Collection Set: 2.5ms
[2024-06-16T04:41:45.843+0530][gc,phases   ] GC(4)   Post Evacuate Collection Set: 0.2ms
[2024-06-16T04:41:45.843+0530][gc,phases   ] GC(4)   Other: 0.0ms
[2024-06-16T04:41:45.843+0530][gc,heap     ] GC(4) Eden regions: 13->0(49)
[2024-06-16T04:41:45.843+0530][gc,heap     ] GC(4) Survivor regions: 7->2(7)
[2024-06-16T04:41:45.843+0530][gc,heap     ] GC(4) Old regions: 8->15
[2024-06-16T04:41:45.843+0530][gc,heap     ] GC(4) Archive regions: 2->2
[2024-06-16T04:41:45.843+0530][gc,heap     ] GC(4) Humongous regions: 129->129
[2024-06-16T04:41:45.843+0530][gc,metaspace] GC(4) Metaspace: 35675K(35968K)->35675K(35968K) NonClass: 31762K(31936K)->31762K(31936K) Class: 3913K(4032K)->3913K(4032K)
[2024-06-16T04:41:45.843+0530][gc          ] GC(4) Pause Young (Concurrent Start) (Metadata GC Threshold) 157M->145M(1024M) 3.111ms
[2024-06-16T04:41:45.843+0530][gc          ] GC(5) Concurrent Mark Cycle
[2024-06-16T04:41:45.843+0530][gc,marking  ] GC(5) Concurrent Scan Root Regions
[2024-06-16T04:41:45.843+0530][gc,cpu      ] GC(4) User=0.02s Sys=0.00s Real=0.00s
[2024-06-16T04:41:45.845+0530][gc,marking  ] GC(5) Concurrent Scan Root Regions 1.515ms
[2024-06-16T04:41:45.845+0530][gc,marking  ] GC(5) Concurrent Mark
[2024-06-16T04:41:45.845+0530][gc,marking  ] GC(5) Concurrent Mark From Roots
[2024-06-16T04:41:45.845+0530][gc,task     ] GC(5) Using 2 workers of 2 for marking
[2024-06-16T04:41:45.848+0530][gc,marking  ] GC(5) Concurrent Mark From Roots 3.344ms
[2024-06-16T04:41:45.848+0530][gc,marking  ] GC(5) Concurrent Preclean
[2024-06-16T04:41:45.848+0530][gc,marking  ] GC(5) Concurrent Preclean 0.050ms
[2024-06-16T04:41:45.848+0530][gc,start    ] GC(5) Pause Remark
[2024-06-16T04:41:45.850+0530][gc          ] GC(5) Pause Remark 145M->145M(1024M) 1.696ms
[2024-06-16T04:41:45.850+0530][gc,cpu      ] GC(5) User=0.01s Sys=0.00s Real=0.01s
[2024-06-16T04:41:45.850+0530][gc,marking  ] GC(5) Concurrent Mark 5.581ms
[2024-06-16T04:41:45.850+0530][gc,marking  ] GC(5) Concurrent Rebuild Remembered Sets and Scrub Regions
[2024-06-16T04:41:45.853+0530][gc,marking  ] GC(5) Concurrent Rebuild Remembered Sets and Scrub Regions 2.849ms
[2024-06-16T04:41:45.853+0530][gc,start    ] GC(5) Pause Cleanup
[2024-06-16T04:41:45.853+0530][gc          ] GC(5) Pause Cleanup 146M->146M(1024M) 0.078ms
[2024-06-16T04:41:45.853+0530][gc,cpu      ] GC(5) User=0.00s Sys=0.00s Real=0.00s
[2024-06-16T04:41:45.853+0530][gc,marking  ] GC(5) Concurrent Clear Claimed Marks
[2024-06-16T04:41:45.853+0530][gc,marking  ] GC(5) Concurrent Clear Claimed Marks 0.015ms
[2024-06-16T04:41:45.853+0530][gc,marking  ] GC(5) Concurrent Cleanup for Next Mark
[2024-06-16T04:41:45.855+0530][gc,marking  ] GC(5) Concurrent Cleanup for Next Mark 1.726ms
[2024-06-16T04:41:45.855+0530][gc          ] GC(5) Concurrent Mark Cycle 11.999ms
[2024-06-16T04:45:30.601+0530][gc,start    ] GC(6) Pause Young (Prepare Mixed) (G1 Evacuation Pause)
[2024-06-16T04:45:30.602+0530][gc,task     ] GC(6) Using 8 workers of 8 for evacuation
[2024-06-16T04:45:30.625+0530][gc,mmu      ] GC(6) MMU target violated: 21.0ms (20.0ms/21.0ms)
[2024-06-16T04:45:30.625+0530][gc,phases   ] GC(6)   Pre Evacuate Collection Set: 1.0ms
[2024-06-16T04:45:30.625+0530][gc,phases   ] GC(6)   Merge Heap Roots: 0.2ms
[2024-06-16T04:45:30.625+0530][gc,phases   ] GC(6)   Evacuate Collection Set: 20.6ms
[2024-06-16T04:45:30.625+0530][gc,phases   ] GC(6)   Post Evacuate Collection Set: 0.8ms
[2024-06-16T04:45:30.625+0530][gc,phases   ] GC(6)   Other: 0.3ms
[2024-06-16T04:45:30.625+0530][gc,heap     ] GC(6) Eden regions: 49->0(46)
[2024-06-16T04:45:30.625+0530][gc,heap     ] GC(6) Survivor regions: 2->5(7)
[2024-06-16T04:45:30.625+0530][gc,heap     ] GC(6) Old regions: 15->15
[2024-06-16T04:45:30.625+0530][gc,heap     ] GC(6) Archive regions: 2->2
[2024-06-16T04:45:30.625+0530][gc,heap     ] GC(6) Humongous regions: 129->129
[2024-06-16T04:45:30.625+0530][gc,metaspace] GC(6) Metaspace: 42295K(43008K)->42295K(43008K) NonClass: 37294K(37696K)->37294K(37696K) Class: 5000K(5312K)->5000K(5312K)
[2024-06-16T04:45:30.625+0530][gc          ] GC(6) Pause Young (Prepare Mixed) (G1 Evacuation Pause) 194M->148M(1024M) 24.385ms
[2024-06-16T04:45:30.625+0530][gc,cpu      ] GC(6) User=0.02s Sys=0.05s Real=0.02s
[2024-06-16T04:58:08.625+0530][gc,start    ] GC(7) Pause Young (Mixed) (G1 Evacuation Pause)
[2024-06-16T04:58:08.626+0530][gc,task     ] GC(7) Using 8 workers of 8 for evacuation
[2024-06-16T04:58:08.633+0530][gc,phases   ] GC(7)   Pre Evacuate Collection Set: 0.5ms
[2024-06-16T04:58:08.633+0530][gc,phases   ] GC(7)   Merge Heap Roots: 0.1ms
[2024-06-16T04:58:08.633+0530][gc,phases   ] GC(7)   Evacuate Collection Set: 6.5ms
[2024-06-16T04:58:08.633+0530][gc,phases   ] GC(7)   Post Evacuate Collection Set: 0.4ms
[2024-06-16T04:58:08.633+0530][gc,phases   ] GC(7)   Other: 0.1ms
[2024-06-16T04:58:08.633+0530][gc,heap     ] GC(7) Eden regions: 46->0(45)
[2024-06-16T04:58:08.633+0530][gc,heap     ] GC(7) Survivor regions: 5->6(7)
[2024-06-16T04:58:08.633+0530][gc,heap     ] GC(7) Old regions: 15->15
[2024-06-16T04:58:08.633+0530][gc,heap     ] GC(7) Archive regions: 2->2
[2024-06-16T04:58:08.633+0530][gc,heap     ] GC(7) Humongous regions: 129->129
[2024-06-16T04:58:08.633+0530][gc,metaspace] GC(7) Metaspace: 43477K(44160K)->43477K(44160K) NonClass: 38407K(38784K)->38407K(38784K) Class: 5069K(5376K)->5069K(5376K)
[2024-06-16T04:58:08.633+0530][gc          ] GC(7) Pause Young (Mixed) (G1 Evacuation Pause) 194M->150M(1024M) 8.033ms
[2024-06-16T04:58:08.633+0530][gc,cpu      ] GC(7) User=0.02s Sys=0.01s Real=0.01s
[2024-06-16T04:59:14.776+0530][gc,start    ] GC(8) Pause Young (Normal) (G1 Evacuation Pause)
[2024-06-16T04:59:14.777+0530][gc,task     ] GC(8) Using 8 workers of 8 for evacuation
[2024-06-16T04:59:14.786+0530][gc,phases   ] GC(8)   Pre Evacuate Collection Set: 0.6ms
[2024-06-16T04:59:14.786+0530][gc,phases   ] GC(8)   Merge Heap Roots: 0.1ms
[2024-06-16T04:59:14.786+0530][gc,phases   ] GC(8)   Evacuate Collection Set: 7.8ms
[2024-06-16T04:59:14.786+0530][gc,phases   ] GC(8)   Post Evacuate Collection Set: 0.4ms
[2024-06-16T04:59:14.786+0530][gc,phases   ] GC(8)   Other: 0.2ms
[2024-06-16T04:59:14.786+0530][gc,heap     ] GC(8) Eden regions: 45->0(48)
[2024-06-16T04:59:14.786+0530][gc,heap     ] GC(8) Survivor regions: 6->3(7)
[2024-06-16T04:59:14.786+0530][gc,heap     ] GC(8) Old regions: 15->18
[2024-06-16T04:59:14.786+0530][gc,heap     ] GC(8) Archive regions: 2->2
[2024-06-16T04:59:14.786+0530][gc,heap     ] GC(8) Humongous regions: 129->129
[2024-06-16T04:59:14.786+0530][gc,metaspace] GC(8) Metaspace: 43500K(44160K)->43500K(44160K) NonClass: 38429K(38784K)->38429K(38784K) Class: 5070K(5376K)->5070K(5376K)
[2024-06-16T04:59:14.786+0530][gc          ] GC(8) Pause Young (Normal) (G1 Evacuation Pause) 195M->150M(1024M) 9.731ms
[2024-06-16T04:59:14.786+0530][gc,cpu      ] GC(8) User=0.03s Sys=0.01s Real=0.01s
[2024-06-16T05:04:26.987+0530][gc,start    ] GC(9) Pause Young (Normal) (G1 Evacuation Pause)
[2024-06-16T05:04:26.988+0530][gc,task     ] GC(9) Using 8 workers of 8 for evacuation
[2024-06-16T05:04:26.992+0530][gc,phases   ] GC(9)   Pre Evacuate Collection Set: 0.6ms
[2024-06-16T05:04:26.992+0530][gc,phases   ] GC(9)   Merge Heap Roots: 0.1ms
[2024-06-16T05:04:26.992+0530][gc,phases   ] GC(9)   Evacuate Collection Set: 3.2ms
[2024-06-16T05:04:26.992+0530][gc,phases   ] GC(9)   Post Evacuate Collection Set: 0.3ms
[2024-06-16T05:04:26.992+0530][gc,phases   ] GC(9)   Other: 0.1ms
[2024-06-16T05:04:26.992+0530][gc,heap     ] GC(9) Eden regions: 48->0(48)
[2024-06-16T05:04:26.992+0530][gc,heap     ] GC(9) Survivor regions: 3->3(7)
[2024-06-16T05:04:26.992+0530][gc,heap     ] GC(9) Old regions: 18->18
[2024-06-16T05:04:26.992+0530][gc,heap     ] GC(9) Archive regions: 2->2
[2024-06-16T05:04:26.992+0530][gc,heap     ] GC(9) Humongous regions: 129->129
[2024-06-16T05:04:26.992+0530][gc,metaspace] GC(9) Metaspace: 43575K(44224K)->43575K(44224K) NonClass: 38504K(38848K)->38504K(38848K) Class: 5071K(5376K)->5071K(5376K)
[2024-06-16T05:04:26.992+0530][gc          ] GC(9) Pause Young (Normal) (G1 Evacuation Pause) 198M->150M(1024M) 4.630ms
[2024-06-16T05:04:26.992+0530][gc,cpu      ] GC(9) User=0.01s Sys=0.01s Real=0.01s
[2024-06-16T05:07:57.441+0530][gc,start    ] GC(10) Pause Young (Normal) (G1 Evacuation Pause)
[2024-06-16T05:07:57.442+0530][gc,task     ] GC(10) Using 8 workers of 8 for evacuation
[2024-06-16T05:07:57.447+0530][gc,phases   ] GC(10)   Pre Evacuate Collection Set: 0.8ms
[2024-06-16T05:07:57.447+0530][gc,phases   ] GC(10)   Merge Heap Roots: 0.2ms
[2024-06-16T05:07:57.448+0530][gc,phases   ] GC(10)   Evacuate Collection Set: 4.2ms
[2024-06-16T05:07:57.448+0530][gc,phases   ] GC(10)   Post Evacuate Collection Set: 0.6ms
[2024-06-16T05:07:57.448+0530][gc,phases   ] GC(10)   Other: 0.2ms
[2024-06-16T05:07:57.448+0530][gc,heap     ] GC(10) Eden regions: 48->0(55)
[2024-06-16T05:07:57.448+0530][gc,heap     ] GC(10) Survivor regions: 3->2(7)
[2024-06-16T05:07:57.448+0530][gc,heap     ] GC(10) Old regions: 18->18
[2024-06-16T05:07:57.448+0530][gc,heap     ] GC(10) Archive regions: 2->2
[2024-06-16T05:07:57.448+0530][gc,heap     ] GC(10) Humongous regions: 129->129
[2024-06-16T05:07:57.448+0530][gc,metaspace] GC(10) Metaspace: 43609K(44224K)->43609K(44224K) NonClass: 38536K(38848K)->38536K(38848K) Class: 5073K(5376K)->5073K(5376K)
[2024-06-16T05:07:57.448+0530][gc          ] GC(10) Pause Young (Normal) (G1 Evacuation Pause) 198M->149M(1024M) 6.423ms
[2024-06-16T05:07:57.448+0530][gc,cpu      ] GC(10) User=0.01s Sys=0.01s Real=0.00s
[2024-06-16T05:09:38.798+0530][gc,start    ] GC(11) Pause Young (Normal) (G1 Evacuation Pause)
[2024-06-16T05:09:38.799+0530][gc,task     ] GC(11) Using 8 workers of 8 for evacuation
[2024-06-16T05:09:38.806+0530][gc,phases   ] GC(11)   Pre Evacuate Collection Set: 0.6ms
[2024-06-16T05:09:38.807+0530][gc,phases   ] GC(11)   Merge Heap Roots: 0.1ms
[2024-06-16T05:09:38.807+0530][gc,phases   ] GC(11)   Evacuate Collection Set: 5.9ms
[2024-06-16T05:09:38.807+0530][gc,phases   ] GC(11)   Post Evacuate Collection Set: 0.6ms
[2024-06-16T05:09:38.807+0530][gc,phases   ] GC(11)   Other: 0.2ms
[2024-06-16T05:09:38.807+0530][gc,heap     ] GC(11) Eden regions: 59->0(149)
[2024-06-16T05:09:38.807+0530][gc,heap     ] GC(11) Survivor regions: 2->2(8)
[2024-06-16T05:09:38.807+0530][gc,heap     ] GC(11) Old regions: 18->18
[2024-06-16T05:09:38.807+0530][gc,heap     ] GC(11) Archive regions: 2->2
[2024-06-16T05:09:38.807+0530][gc,heap     ] GC(11) Humongous regions: 129->129
[2024-06-16T05:09:38.807+0530][gc,metaspace] GC(11) Metaspace: 43706K(44416K)->43706K(44416K) NonClass: 38633K(39040K)->38633K(39040K) Class: 5073K(5376K)->5073K(5376K)
[2024-06-16T05:09:38.807+0530][gc          ] GC(11) Pause Young (Normal) (G1 Evacuation Pause) 208M->149M(1024M) 9.054ms
[2024-06-16T05:09:38.807+0530][gc,cpu      ] GC(11) User=0.02s Sys=0.01s Real=0.01s
[2024-06-16T05:09:52.014+0530][gc,heap,exit] Heap
[2024-06-16T05:09:52.014+0530][gc,heap,exit]  garbage-first heap   total 1048576K, used 172384K [0x00000007c0000000, 0x0000000800000000)
[2024-06-16T05:09:52.014+0530][gc,heap,exit]   region size 1024K, 21 young (21504K), 2 survivors (2048K)
[2024-06-16T05:09:52.014+0530][gc,heap,exit]  Metaspace       used 44595K, committed 45312K, reserved 1114112K
[2024-06-16T05:09:52.014+0530][gc,heap,exit]   class space    used 5254K, committed 5568K, reserved 1048576K
