[2024-06-16T07:57:48.404+0530][gc,init] CardTable entry size: 512
[2024-06-16T07:57:48.404+0530][gc     ] Using G1
[2024-06-16T07:57:48.405+0530][gc,init] Version: 20.0.2+9-78 (release)
[2024-06-16T07:57:48.405+0530][gc,init] CPUs: 8 total, 8 available
[2024-06-16T07:57:48.405+0530][gc,init] Memory: 16384M
[2024-06-16T07:57:48.405+0530][gc,init] Large Page Support: Disabled
[2024-06-16T07:57:48.405+0530][gc,init] NUMA Support: Disabled
[2024-06-16T07:57:48.405+0530][gc,init] Compressed Oops: Enabled (Zero based)
[2024-06-16T07:57:48.405+0530][gc,init] Heap Region Size: 1M
[2024-06-16T07:57:48.405+0530][gc,init] Heap Min Capacity: 1G
[2024-06-16T07:57:48.405+0530][gc,init] Heap Initial Capacity: 1G
[2024-06-16T07:57:48.405+0530][gc,init] Heap Max Capacity: 1G
[2024-06-16T07:57:48.405+0530][gc,init] Pre-touch: Disabled
[2024-06-16T07:57:48.405+0530][gc,init] Parallel Workers: 8
[2024-06-16T07:57:48.405+0530][gc,init] Concurrent Workers: 2
[2024-06-16T07:57:48.405+0530][gc,init] Concurrent Refinement Workers: 8
[2024-06-16T07:57:48.405+0530][gc,init] Periodic GC: Disabled
[2024-06-16T07:57:48.408+0530][gc,metaspace] CDS archive(s) mapped at: [0x0000007000000000-0x0000007000c78000-0x0000007000c78000), size 13074432, SharedBaseAddress: 0x0000007000000000, ArchiveRelocationMode: 1.
[2024-06-16T07:57:48.408+0530][gc,metaspace] Compressed class space mapped at: 0x0000007001000000-0x0000007041000000, reserved size: 1073741824
[2024-06-16T07:57:48.408+0530][gc,metaspace] Narrow klass base: 0x0000007000000000, Narrow klass shift: 0, Narrow klass range: 0x100000000
[2024-06-16T07:57:49.010+0530][gc,start    ] GC(0) Pause Young (Normal) (G1 Evacuation Pause)
[2024-06-16T07:57:49.010+0530][gc,task     ] GC(0) Using 8 workers of 8 for evacuation
[2024-06-16T07:57:49.012+0530][gc,phases   ] GC(0)   Pre Evacuate Collection Set: 0.2ms
[2024-06-16T07:57:49.013+0530][gc,phases   ] GC(0)   Merge Heap Roots: 0.0ms
[2024-06-16T07:57:49.013+0530][gc,phases   ] GC(0)   Evacuate Collection Set: 2.2ms
[2024-06-16T07:57:49.013+0530][gc,phases   ] GC(0)   Post Evacuate Collection Set: 0.3ms
[2024-06-16T07:57:49.013+0530][gc,phases   ] GC(0)   Other: 0.2ms
[2024-06-16T07:57:49.013+0530][gc,heap     ] GC(0) Eden regions: 51->0(44)
[2024-06-16T07:57:49.013+0530][gc,heap     ] GC(0) Survivor regions: 0->7(7)
[2024-06-16T07:57:49.013+0530][gc,heap     ] GC(0) Old regions: 0->2
[2024-06-16T07:57:49.013+0530][gc,heap     ] GC(0) Archive regions: 2->2
[2024-06-16T07:57:49.013+0530][gc,heap     ] GC(0) Humongous regions: 0->0
[2024-06-16T07:57:49.013+0530][gc,metaspace] GC(0) Metaspace: 18118K(18368K)->18118K(18368K) NonClass: 16042K(16192K)->16042K(16192K) Class: 2076K(2176K)->2076K(2176K)
[2024-06-16T07:57:49.013+0530][gc          ] GC(0) Pause Young (Normal) (G1 Evacuation Pause) 51M->9M(1024M) 3.016ms
[2024-06-16T07:57:49.013+0530][gc,cpu      ] GC(0) User=0.01s Sys=0.00s Real=0.00s
[2024-06-16T07:57:49.095+0530][gc,start    ] GC(1) Pause Young (Concurrent Start) (Metadata GC Threshold)
[2024-06-16T07:57:49.096+0530][gc,task     ] GC(1) Using 8 workers of 8 for evacuation
[2024-06-16T07:57:49.098+0530][gc,phases   ] GC(1)   Pre Evacuate Collection Set: 0.1ms
[2024-06-16T07:57:49.098+0530][gc,phases   ] GC(1)   Merge Heap Roots: 0.0ms
[2024-06-16T07:57:49.098+0530][gc,phases   ] GC(1)   Evacuate Collection Set: 1.7ms
[2024-06-16T07:57:49.098+0530][gc,phases   ] GC(1)   Post Evacuate Collection Set: 0.2ms
[2024-06-16T07:57:49.098+0530][gc,phases   ] GC(1)   Other: 0.0ms
[2024-06-16T07:57:49.098+0530][gc,heap     ] GC(1) Eden regions: 13->0(50)
[2024-06-16T07:57:49.098+0530][gc,heap     ] GC(1) Survivor regions: 7->1(7)
[2024-06-16T07:57:49.098+0530][gc,heap     ] GC(1) Old regions: 2->9
[2024-06-16T07:57:49.098+0530][gc,heap     ] GC(1) Archive regions: 2->2
[2024-06-16T07:57:49.098+0530][gc,heap     ] GC(1) Humongous regions: 0->0
[2024-06-16T07:57:49.098+0530][gc,metaspace] GC(1) Metaspace: 21320K(21504K)->21320K(21504K) NonClass: 18836K(18944K)->18836K(18944K) Class: 2484K(2560K)->2484K(2560K)
[2024-06-16T07:57:49.098+0530][gc          ] GC(1) Pause Young (Concurrent Start) (Metadata GC Threshold) 22M->10M(1024M) 2.246ms
[2024-06-16T07:57:49.098+0530][gc          ] GC(2) Concurrent Mark Cycle
[2024-06-16T07:57:49.098+0530][gc,cpu      ] GC(1) User=0.01s Sys=0.00s Real=0.00s
[2024-06-16T07:57:49.098+0530][gc,marking  ] GC(2) Concurrent Scan Root Regions
[2024-06-16T07:57:49.099+0530][gc,marking  ] GC(2) Concurrent Scan Root Regions 1.102ms
[2024-06-16T07:57:49.099+0530][gc,marking  ] GC(2) Concurrent Mark
[2024-06-16T07:57:49.099+0530][gc,marking  ] GC(2) Concurrent Mark From Roots
[2024-06-16T07:57:49.099+0530][gc,task     ] GC(2) Using 2 workers of 2 for marking
[2024-06-16T07:57:49.100+0530][gc,marking  ] GC(2) Concurrent Mark From Roots 0.876ms
[2024-06-16T07:57:49.100+0530][gc,marking  ] GC(2) Concurrent Preclean
[2024-06-16T07:57:49.100+0530][gc,marking  ] GC(2) Concurrent Preclean 0.007ms
[2024-06-16T07:57:49.100+0530][gc,start    ] GC(2) Pause Remark
[2024-06-16T07:57:49.101+0530][gc          ] GC(2) Pause Remark 11M->11M(1024M) 0.971ms
[2024-06-16T07:57:49.101+0530][gc,cpu      ] GC(2) User=0.00s Sys=0.00s Real=0.00s
[2024-06-16T07:57:49.101+0530][gc,marking  ] GC(2) Concurrent Mark 1.986ms
[2024-06-16T07:57:49.101+0530][gc,marking  ] GC(2) Concurrent Rebuild Remembered Sets and Scrub Regions
[2024-06-16T07:57:49.102+0530][gc,marking  ] GC(2) Concurrent Rebuild Remembered Sets and Scrub Regions 1.112ms
[2024-06-16T07:57:49.102+0530][gc,start    ] GC(2) Pause Cleanup
[2024-06-16T07:57:49.102+0530][gc          ] GC(2) Pause Cleanup 11M->11M(1024M) 0.069ms
[2024-06-16T07:57:49.102+0530][gc,cpu      ] GC(2) User=0.00s Sys=0.00s Real=0.00s
[2024-06-16T07:57:49.102+0530][gc,marking  ] GC(2) Concurrent Clear Claimed Marks
[2024-06-16T07:57:49.102+0530][gc,marking  ] GC(2) Concurrent Clear Claimed Marks 0.007ms
[2024-06-16T07:57:49.102+0530][gc,marking  ] GC(2) Concurrent Cleanup for Next Mark
[2024-06-16T07:57:49.104+0530][gc,marking  ] GC(2) Concurrent Cleanup for Next Mark 1.367ms
[2024-06-16T07:57:49.104+0530][gc          ] GC(2) Concurrent Mark Cycle 5.826ms
[2024-06-16T07:57:49.466+0530][gc,start    ] GC(3) Pause Young (Normal) (G1 Evacuation Pause)
[2024-06-16T07:57:49.466+0530][gc,task     ] GC(3) Using 8 workers of 8 for evacuation
[2024-06-16T07:57:49.468+0530][gc,phases   ] GC(3)   Pre Evacuate Collection Set: 0.1ms
[2024-06-16T07:57:49.468+0530][gc,phases   ] GC(3)   Merge Heap Roots: 0.0ms
[2024-06-16T07:57:49.468+0530][gc,phases   ] GC(3)   Evacuate Collection Set: 1.9ms
[2024-06-16T07:57:49.468+0530][gc,phases   ] GC(3)   Post Evacuate Collection Set: 0.2ms
[2024-06-16T07:57:49.468+0530][gc,phases   ] GC(3)   Other: 0.0ms
[2024-06-16T07:57:49.469+0530][gc,heap     ] GC(3) Eden regions: 50->0(45)
[2024-06-16T07:57:49.469+0530][gc,heap     ] GC(3) Survivor regions: 1->6(7)
[2024-06-16T07:57:49.469+0530][gc,heap     ] GC(3) Old regions: 9->9
[2024-06-16T07:57:49.469+0530][gc,heap     ] GC(3) Archive regions: 2->2
[2024-06-16T07:57:49.469+0530][gc,heap     ] GC(3) Humongous regions: 129->129
[2024-06-16T07:57:49.469+0530][gc,metaspace] GC(3) Metaspace: 31004K(31360K)->31004K(31360K) NonClass: 27582K(27776K)->27582K(27776K) Class: 3422K(3584K)->3422K(3584K)
[2024-06-16T07:57:49.469+0530][gc          ] GC(3) Pause Young (Normal) (G1 Evacuation Pause) 189M->144M(1024M) 2.381ms
[2024-06-16T07:57:49.469+0530][gc,cpu      ] GC(3) User=0.01s Sys=0.00s Real=0.00s
[2024-06-16T07:57:49.583+0530][gc,start    ] GC(4) Pause Young (Concurrent Start) (Metadata GC Threshold)
[2024-06-16T07:57:49.583+0530][gc,task     ] GC(4) Using 8 workers of 8 for evacuation
[2024-06-16T07:57:49.586+0530][gc,phases   ] GC(4)   Pre Evacuate Collection Set: 0.2ms
[2024-06-16T07:57:49.586+0530][gc,phases   ] GC(4)   Merge Heap Roots: 0.0ms
[2024-06-16T07:57:49.586+0530][gc,phases   ] GC(4)   Evacuate Collection Set: 2.6ms
[2024-06-16T07:57:49.586+0530][gc,phases   ] GC(4)   Post Evacuate Collection Set: 0.2ms
[2024-06-16T07:57:49.586+0530][gc,phases   ] GC(4)   Other: 0.0ms
[2024-06-16T07:57:49.586+0530][gc,heap     ] GC(4) Eden regions: 18->0(49)
[2024-06-16T07:57:49.586+0530][gc,heap     ] GC(4) Survivor regions: 6->2(7)
[2024-06-16T07:57:49.586+0530][gc,heap     ] GC(4) Old regions: 9->14
[2024-06-16T07:57:49.586+0530][gc,heap     ] GC(4) Archive regions: 2->2
[2024-06-16T07:57:49.586+0530][gc,heap     ] GC(4) Humongous regions: 129->129
[2024-06-16T07:57:49.586+0530][gc,metaspace] GC(4) Metaspace: 35653K(35968K)->35653K(35968K) NonClass: 31805K(31936K)->31805K(31936K) Class: 3848K(4032K)->3848K(4032K)
[2024-06-16T07:57:49.586+0530][gc          ] GC(4) Pause Young (Concurrent Start) (Metadata GC Threshold) 162M->145M(1024M) 3.143ms
[2024-06-16T07:57:49.586+0530][gc,cpu      ] GC(4) User=0.02s Sys=0.00s Real=0.00s
[2024-06-16T07:57:49.586+0530][gc          ] GC(5) Concurrent Mark Cycle
[2024-06-16T07:57:49.586+0530][gc,marking  ] GC(5) Concurrent Scan Root Regions
[2024-06-16T07:57:49.588+0530][gc,marking  ] GC(5) Concurrent Scan Root Regions 1.731ms
[2024-06-16T07:57:49.588+0530][gc,marking  ] GC(5) Concurrent Mark
[2024-06-16T07:57:49.588+0530][gc,marking  ] GC(5) Concurrent Mark From Roots
[2024-06-16T07:57:49.588+0530][gc,task     ] GC(5) Using 2 workers of 2 for marking
[2024-06-16T07:57:49.591+0530][gc,marking  ] GC(5) Concurrent Mark From Roots 2.957ms
[2024-06-16T07:57:49.591+0530][gc,marking  ] GC(5) Concurrent Preclean
[2024-06-16T07:57:49.591+0530][gc,marking  ] GC(5) Concurrent Preclean 0.035ms
[2024-06-16T07:57:49.591+0530][gc,start    ] GC(5) Pause Remark
[2024-06-16T07:57:49.592+0530][gc          ] GC(5) Pause Remark 146M->146M(1024M) 0.924ms
[2024-06-16T07:57:49.592+0530][gc,cpu      ] GC(5) User=0.00s Sys=0.00s Real=0.00s
[2024-06-16T07:57:49.592+0530][gc,marking  ] GC(5) Concurrent Mark 4.222ms
[2024-06-16T07:57:49.592+0530][gc,marking  ] GC(5) Concurrent Rebuild Remembered Sets and Scrub Regions
[2024-06-16T07:57:49.595+0530][gc,marking  ] GC(5) Concurrent Rebuild Remembered Sets and Scrub Regions 2.688ms
[2024-06-16T07:57:49.595+0530][gc,start    ] GC(5) Pause Cleanup
[2024-06-16T07:57:49.595+0530][gc          ] GC(5) Pause Cleanup 147M->147M(1024M) 0.084ms
[2024-06-16T07:57:49.595+0530][gc,cpu      ] GC(5) User=0.00s Sys=0.00s Real=0.00s
[2024-06-16T07:57:49.595+0530][gc,marking  ] GC(5) Concurrent Clear Claimed Marks
[2024-06-16T07:57:49.595+0530][gc,marking  ] GC(5) Concurrent Clear Claimed Marks 0.014ms
[2024-06-16T07:57:49.595+0530][gc,marking  ] GC(5) Concurrent Cleanup for Next Mark
[2024-06-16T07:57:49.596+0530][gc,marking  ] GC(5) Concurrent Cleanup for Next Mark 0.950ms
[2024-06-16T07:57:49.596+0530][gc          ] GC(5) Concurrent Mark Cycle 10.016ms
[2024-06-16T07:59:58.513+0530][gc,start    ] GC(6) Pause Young (Prepare Mixed) (G1 Evacuation Pause)
[2024-06-16T07:59:58.514+0530][gc,task     ] GC(6) Using 8 workers of 8 for evacuation
[2024-06-16T07:59:58.536+0530][gc,mmu      ] GC(6) MMU target violated: 21.0ms (20.0ms/21.0ms)
[2024-06-16T07:59:58.536+0530][gc,phases   ] GC(6)   Pre Evacuate Collection Set: 0.6ms
[2024-06-16T07:59:58.536+0530][gc,phases   ] GC(6)   Merge Heap Roots: 0.1ms
[2024-06-16T07:59:58.536+0530][gc,phases   ] GC(6)   Evacuate Collection Set: 19.7ms
[2024-06-16T07:59:58.536+0530][gc,phases   ] GC(6)   Post Evacuate Collection Set: 0.8ms
[2024-06-16T07:59:58.536+0530][gc,phases   ] GC(6)   Other: 0.3ms
[2024-06-16T07:59:58.536+0530][gc,heap     ] GC(6) Eden regions: 49->0(46)
[2024-06-16T07:59:58.536+0530][gc,heap     ] GC(6) Survivor regions: 2->5(7)
[2024-06-16T07:59:58.536+0530][gc,heap     ] GC(6) Old regions: 14->14
[2024-06-16T07:59:58.536+0530][gc,heap     ] GC(6) Archive regions: 2->2
[2024-06-16T07:59:58.536+0530][gc,heap     ] GC(6) Humongous regions: 153->129
[2024-06-16T07:59:58.536+0530][gc,metaspace] GC(6) Metaspace: 41550K(42112K)->41550K(42112K) NonClass: 36848K(37184K)->36848K(37184K) Class: 4701K(4928K)->4701K(4928K)
[2024-06-16T07:59:58.536+0530][gc          ] GC(6) Pause Young (Prepare Mixed) (G1 Evacuation Pause) 218M->148M(1024M) 22.821ms
[2024-06-16T07:59:58.536+0530][gc,cpu      ] GC(6) User=0.03s Sys=0.04s Real=0.02s
[2024-06-16T08:03:49.990+0530][gc,start    ] GC(7) Pause Young (Mixed) (G1 Evacuation Pause)
[2024-06-16T08:03:49.991+0530][gc,task     ] GC(7) Using 8 workers of 8 for evacuation
[2024-06-16T08:03:50.001+0530][gc,phases   ] GC(7)   Pre Evacuate Collection Set: 1.0ms
[2024-06-16T08:03:50.001+0530][gc,phases   ] GC(7)   Merge Heap Roots: 0.2ms
[2024-06-16T08:03:50.001+0530][gc,phases   ] GC(7)   Evacuate Collection Set: 7.7ms
[2024-06-16T08:03:50.001+0530][gc,phases   ] GC(7)   Post Evacuate Collection Set: 0.6ms
[2024-06-16T08:03:50.001+0530][gc,phases   ] GC(7)   Other: 0.3ms
[2024-06-16T08:03:50.001+0530][gc,heap     ] GC(7) Eden regions: 46->0(47)
[2024-06-16T08:03:50.001+0530][gc,heap     ] GC(7) Survivor regions: 5->4(7)
[2024-06-16T08:03:50.001+0530][gc,heap     ] GC(7) Old regions: 14->16
[2024-06-16T08:03:50.001+0530][gc,heap     ] GC(7) Archive regions: 2->2
[2024-06-16T08:03:50.001+0530][gc,heap     ] GC(7) Humongous regions: 129->129
[2024-06-16T08:03:50.001+0530][gc,metaspace] GC(7) Metaspace: 41725K(42240K)->41725K(42240K) NonClass: 37010K(37312K)->37010K(37312K) Class: 4715K(4928K)->4715K(4928K)
[2024-06-16T08:03:50.001+0530][gc          ] GC(7) Pause Young (Mixed) (G1 Evacuation Pause) 194M->148M(1024M) 11.281ms
[2024-06-16T08:03:50.001+0530][gc,cpu      ] GC(7) User=0.03s Sys=0.01s Real=0.01s
[2024-06-16T08:11:00.312+0530][gc,start    ] GC(8) Pause Young (Normal) (G1 Evacuation Pause)
[2024-06-16T08:11:00.313+0530][gc,task     ] GC(8) Using 8 workers of 8 for evacuation
[2024-06-16T08:11:00.323+0530][gc,phases   ] GC(8)   Pre Evacuate Collection Set: 0.6ms
[2024-06-16T08:11:00.323+0530][gc,phases   ] GC(8)   Merge Heap Roots: 0.1ms
[2024-06-16T08:11:00.323+0530][gc,phases   ] GC(8)   Evacuate Collection Set: 8.0ms
[2024-06-16T08:11:00.323+0530][gc,phases   ] GC(8)   Post Evacuate Collection Set: 0.9ms
[2024-06-16T08:11:00.323+0530][gc,phases   ] GC(8)   Other: 0.2ms
[2024-06-16T08:11:00.323+0530][gc,heap     ] GC(8) Eden regions: 47->0(47)
[2024-06-16T08:11:00.323+0530][gc,heap     ] GC(8) Survivor regions: 4->4(7)
[2024-06-16T08:11:00.323+0530][gc,heap     ] GC(8) Old regions: 16->16
[2024-06-16T08:11:00.323+0530][gc,heap     ] GC(8) Archive regions: 2->2
[2024-06-16T08:11:00.323+0530][gc,heap     ] GC(8) Humongous regions: 129->129
[2024-06-16T08:11:00.324+0530][gc,metaspace] GC(8) Metaspace: 41820K(42368K)->41820K(42368K) NonClass: 37099K(37440K)->37099K(37440K) Class: 4720K(4928K)->4720K(4928K)
[2024-06-16T08:11:00.324+0530][gc          ] GC(8) Pause Young (Normal) (G1 Evacuation Pause) 195M->149M(1024M) 11.309ms
[2024-06-16T08:11:00.324+0530][gc,cpu      ] GC(8) User=0.03s Sys=0.01s Real=0.01s
[2024-06-16T08:15:36.766+0530][gc,start    ] GC(9) Pause Young (Normal) (G1 Evacuation Pause)
[2024-06-16T08:15:36.769+0530][gc,task     ] GC(9) Using 8 workers of 8 for evacuation
[2024-06-16T08:15:36.776+0530][gc,phases   ] GC(9)   Pre Evacuate Collection Set: 0.4ms
[2024-06-16T08:15:36.776+0530][gc,phases   ] GC(9)   Merge Heap Roots: 0.1ms
[2024-06-16T08:15:36.776+0530][gc,phases   ] GC(9)   Evacuate Collection Set: 6.1ms
[2024-06-16T08:15:36.776+0530][gc,phases   ] GC(9)   Post Evacuate Collection Set: 0.4ms
[2024-06-16T08:15:36.776+0530][gc,phases   ] GC(9)   Other: 0.1ms
[2024-06-16T08:15:36.776+0530][gc,heap     ] GC(9) Eden regions: 47->0(49)
[2024-06-16T08:15:36.776+0530][gc,heap     ] GC(9) Survivor regions: 4->2(7)
[2024-06-16T08:15:36.776+0530][gc,heap     ] GC(9) Old regions: 16->17
[2024-06-16T08:15:36.776+0530][gc,heap     ] GC(9) Archive regions: 2->2
[2024-06-16T08:15:36.776+0530][gc,heap     ] GC(9) Humongous regions: 129->129
[2024-06-16T08:15:36.776+0530][gc,metaspace] GC(9) Metaspace: 41880K(42432K)->41880K(42432K) NonClass: 37159K(37504K)->37159K(37504K) Class: 4720K(4928K)->4720K(4928K)
[2024-06-16T08:15:36.776+0530][gc          ] GC(9) Pause Young (Normal) (G1 Evacuation Pause) 196M->148M(1024M) 9.791ms
[2024-06-16T08:15:36.776+0530][gc,cpu      ] GC(9) User=0.01s Sys=0.01s Real=0.01s
[2024-06-16T08:20:29.572+0530][gc,start    ] GC(10) Pause Young (Normal) (G1 Evacuation Pause)
[2024-06-16T08:20:29.574+0530][gc,task     ] GC(10) Using 8 workers of 8 for evacuation
[2024-06-16T08:20:29.579+0530][gc,phases   ] GC(10)   Pre Evacuate Collection Set: 0.7ms
[2024-06-16T08:20:29.580+0530][gc,phases   ] GC(10)   Merge Heap Roots: 0.1ms
[2024-06-16T08:20:29.580+0530][gc,phases   ] GC(10)   Evacuate Collection Set: 4.4ms
[2024-06-16T08:20:29.580+0530][gc,phases   ] GC(10)   Post Evacuate Collection Set: 0.4ms
[2024-06-16T08:20:29.580+0530][gc,phases   ] GC(10)   Other: 0.2ms
[2024-06-16T08:20:29.580+0530][gc,heap     ] GC(10) Eden regions: 49->0(48)
[2024-06-16T08:20:29.580+0530][gc,heap     ] GC(10) Survivor regions: 2->3(7)
[2024-06-16T08:20:29.580+0530][gc,heap     ] GC(10) Old regions: 17->17
[2024-06-16T08:20:29.580+0530][gc,heap     ] GC(10) Archive regions: 2->2
[2024-06-16T08:20:29.580+0530][gc,heap     ] GC(10) Humongous regions: 129->129
[2024-06-16T08:20:29.580+0530][gc,metaspace] GC(10) Metaspace: 41929K(42432K)->41929K(42432K) NonClass: 37208K(37504K)->37208K(37504K) Class: 4720K(4928K)->4720K(4928K)
[2024-06-16T08:20:29.580+0530][gc          ] GC(10) Pause Young (Normal) (G1 Evacuation Pause) 197M->149M(1024M) 7.362ms
[2024-06-16T08:20:29.580+0530][gc,cpu      ] GC(10) User=0.02s Sys=0.01s Real=0.01s
[2024-06-16T08:30:02.959+0530][gc,start    ] GC(11) Pause Young (Normal) (G1 Evacuation Pause)
[2024-06-16T08:30:02.960+0530][gc,task     ] GC(11) Using 8 workers of 8 for evacuation
[2024-06-16T08:30:02.967+0530][gc,phases   ] GC(11)   Pre Evacuate Collection Set: 0.8ms
[2024-06-16T08:30:02.967+0530][gc,phases   ] GC(11)   Merge Heap Roots: 0.1ms
[2024-06-16T08:30:02.967+0530][gc,phases   ] GC(11)   Evacuate Collection Set: 5.5ms
[2024-06-16T08:30:02.967+0530][gc,phases   ] GC(11)   Post Evacuate Collection Set: 0.4ms
[2024-06-16T08:30:02.967+0530][gc,phases   ] GC(11)   Other: 0.2ms
[2024-06-16T08:30:02.967+0530][gc,heap     ] GC(11) Eden regions: 52->0(56)
[2024-06-16T08:30:02.967+0530][gc,heap     ] GC(11) Survivor regions: 3->4(7)
[2024-06-16T08:30:02.967+0530][gc,heap     ] GC(11) Old regions: 17->17
[2024-06-16T08:30:02.967+0530][gc,heap     ] GC(11) Archive regions: 2->2
[2024-06-16T08:30:02.967+0530][gc,heap     ] GC(11) Humongous regions: 129->129
[2024-06-16T08:30:02.967+0530][gc,metaspace] GC(11) Metaspace: 41994K(42560K)->41994K(42560K) NonClass: 37274K(37632K)->37274K(37632K) Class: 4720K(4928K)->4720K(4928K)
[2024-06-16T08:30:02.967+0530][gc          ] GC(11) Pause Young (Normal) (G1 Evacuation Pause) 201M->150M(1024M) 8.376ms
[2024-06-16T08:30:02.967+0530][gc,cpu      ] GC(11) User=0.01s Sys=0.01s Real=0.01s
[2024-06-16T08:40:30.257+0530][gc,start    ] GC(12) Pause Young (Normal) (G1 Evacuation Pause)
[2024-06-16T08:40:30.258+0530][gc,task     ] GC(12) Using 8 workers of 8 for evacuation
[2024-06-16T08:40:30.263+0530][gc,phases   ] GC(12)   Pre Evacuate Collection Set: 0.5ms
[2024-06-16T08:40:30.263+0530][gc,phases   ] GC(12)   Merge Heap Roots: 0.1ms
[2024-06-16T08:40:30.263+0530][gc,phases   ] GC(12)   Evacuate Collection Set: 4.5ms
[2024-06-16T08:40:30.263+0530][gc,phases   ] GC(12)   Post Evacuate Collection Set: 0.4ms
[2024-06-16T08:40:30.263+0530][gc,phases   ] GC(12)   Other: 0.2ms
[2024-06-16T08:40:30.263+0530][gc,heap     ] GC(12) Eden regions: 105->0(312)
[2024-06-16T08:40:30.263+0530][gc,heap     ] GC(12) Survivor regions: 4->2(14)
[2024-06-16T08:40:30.263+0530][gc,heap     ] GC(12) Old regions: 17->17
[2024-06-16T08:40:30.263+0530][gc,heap     ] GC(12) Archive regions: 2->2
[2024-06-16T08:40:30.263+0530][gc,heap     ] GC(12) Humongous regions: 129->129
[2024-06-16T08:40:30.263+0530][gc,metaspace] GC(12) Metaspace: 42075K(42624K)->42075K(42624K) NonClass: 37354K(37696K)->37354K(37696K) Class: 4720K(4928K)->4720K(4928K)
[2024-06-16T08:40:30.263+0530][gc          ] GC(12) Pause Young (Normal) (G1 Evacuation Pause) 255M->148M(1024M) 6.896ms
[2024-06-16T08:40:30.264+0530][gc,cpu      ] GC(12) User=0.02s Sys=0.01s Real=0.01s
[2024-06-16T18:29:45.629+0530][gc,start    ] GC(13) Pause Young (Normal) (G1 Evacuation Pause)
[2024-06-16T18:29:45.631+0530][gc,task     ] GC(13) Using 8 workers of 8 for evacuation
[2024-06-16T18:29:45.645+0530][gc,phases   ] GC(13)   Pre Evacuate Collection Set: 1.1ms
[2024-06-16T18:29:45.645+0530][gc,phases   ] GC(13)   Merge Heap Roots: 0.3ms
[2024-06-16T18:29:45.645+0530][gc,phases   ] GC(13)   Evacuate Collection Set: 12.0ms
[2024-06-16T18:29:45.645+0530][gc,phases   ] GC(13)   Post Evacuate Collection Set: 0.8ms
[2024-06-16T18:29:45.645+0530][gc,phases   ] GC(13)   Other: 0.4ms
[2024-06-16T18:29:45.645+0530][gc,heap     ] GC(13) Eden regions: 366->0(158)
[2024-06-16T18:29:45.645+0530][gc,heap     ] GC(13) Survivor regions: 2->4(46)
[2024-06-16T18:29:45.645+0530][gc,heap     ] GC(13) Old regions: 17->17
[2024-06-16T18:29:45.645+0530][gc,heap     ] GC(13) Archive regions: 2->2
[2024-06-16T18:29:45.646+0530][gc,heap     ] GC(13) Humongous regions: 129->129
[2024-06-16T18:29:45.646+0530][gc,metaspace] GC(13) Metaspace: 42235K(42752K)->42235K(42752K) NonClass: 37511K(37824K)->37511K(37824K) Class: 4723K(4928K)->4723K(4928K)
[2024-06-16T18:29:45.646+0530][gc          ] GC(13) Pause Young (Normal) (G1 Evacuation Pause) 514M->150M(1024M) 16.063ms
[2024-06-16T18:29:45.646+0530][gc,cpu      ] GC(13) User=0.01s Sys=0.01s Real=0.02s
[2024-06-16T19:46:38.320+0530][gc,start    ] GC(14) Pause Young (Normal) (G1 Evacuation Pause)
[2024-06-16T19:46:38.321+0530][gc,task     ] GC(14) Using 8 workers of 8 for evacuation
[2024-06-16T19:46:38.335+0530][gc,phases   ] GC(14)   Pre Evacuate Collection Set: 1.6ms
[2024-06-16T19:46:38.336+0530][gc,phases   ] GC(14)   Merge Heap Roots: 0.3ms
[2024-06-16T19:46:38.336+0530][gc,phases   ] GC(14)   Evacuate Collection Set: 11.2ms
[2024-06-16T19:46:38.336+0530][gc,phases   ] GC(14)   Post Evacuate Collection Set: 0.8ms
[2024-06-16T19:46:38.336+0530][gc,phases   ] GC(14)   Other: 0.3ms
[2024-06-16T19:46:38.336+0530][gc,heap     ] GC(14) Eden regions: 232->0(243)
[2024-06-16T19:46:38.336+0530][gc,heap     ] GC(14) Survivor regions: 4->4(30)
[2024-06-16T19:46:38.336+0530][gc,heap     ] GC(14) Old regions: 17->17
[2024-06-16T19:46:38.336+0530][gc,heap     ] GC(14) Archive regions: 2->2
[2024-06-16T19:46:38.336+0530][gc,heap     ] GC(14) Humongous regions: 129->129
[2024-06-16T19:46:38.336+0530][gc,metaspace] GC(14) Metaspace: 42260K(42752K)->42260K(42752K) NonClass: 37536K(37824K)->37536K(37824K) Class: 4723K(4928K)->4723K(4928K)
[2024-06-16T19:46:38.336+0530][gc          ] GC(14) Pause Young (Normal) (G1 Evacuation Pause) 382M->150M(1024M) 16.057ms
[2024-06-16T19:46:38.336+0530][gc,cpu      ] GC(14) User=0.02s Sys=0.02s Real=0.01s
[2024-06-16T20:19:14.218+0530][gc,start    ] GC(15) Pause Young (Normal) (G1 Evacuation Pause)
[2024-06-16T20:19:14.219+0530][gc,task     ] GC(15) Using 8 workers of 8 for evacuation
[2024-06-16T20:19:14.229+0530][gc,phases   ] GC(15)   Pre Evacuate Collection Set: 0.9ms
[2024-06-16T20:19:14.230+0530][gc,phases   ] GC(15)   Merge Heap Roots: 0.2ms
[2024-06-16T20:19:14.230+0530][gc,phases   ] GC(15)   Evacuate Collection Set: 8.3ms
[2024-06-16T20:19:14.230+0530][gc,phases   ] GC(15)   Post Evacuate Collection Set: 0.9ms
[2024-06-16T20:19:14.230+0530][gc,phases   ] GC(15)   Other: 0.3ms
[2024-06-16T20:19:14.230+0530][gc,heap     ] GC(15) Eden regions: 318->0(611)
[2024-06-16T20:19:14.230+0530][gc,heap     ] GC(15) Survivor regions: 4->3(41)
[2024-06-16T20:19:14.230+0530][gc,heap     ] GC(15) Old regions: 17->17
[2024-06-16T20:19:14.230+0530][gc,heap     ] GC(15) Archive regions: 2->2
[2024-06-16T20:19:14.230+0530][gc,heap     ] GC(15) Humongous regions: 129->129
[2024-06-16T20:19:14.230+0530][gc,metaspace] GC(15) Metaspace: 42291K(42816K)->42291K(42816K) NonClass: 37567K(37888K)->37567K(37888K) Class: 4723K(4928K)->4723K(4928K)
[2024-06-16T20:19:14.230+0530][gc          ] GC(15) Pause Young (Normal) (G1 Evacuation Pause) 468M->149M(1024M) 11.936ms
[2024-06-16T20:19:14.230+0530][gc,cpu      ] GC(15) User=0.02s Sys=0.01s Real=0.02s
[2024-06-16T20:44:57.273+0530][gc,heap,exit] Heap
[2024-06-16T20:44:57.273+0530][gc,heap,exit]  garbage-first heap   total 1048576K, used 421531K [0x00000007c0000000, 0x0000000800000000)
[2024-06-16T20:44:57.273+0530][gc,heap,exit]   region size 1024K, 265 young (271360K), 3 survivors (3072K)
[2024-06-16T20:44:57.273+0530][gc,heap,exit]  Metaspace       used 43145K, committed 43712K, reserved 1114112K
[2024-06-16T20:44:57.273+0530][gc,heap,exit]   class space    used 4900K, committed 5120K, reserved 1048576K
