[2024-06-16T07:25:43.893+0530][gc,init] CardTable entry size: 512
[2024-06-16T07:25:43.893+0530][gc     ] Using G1
[2024-06-16T07:25:43.894+0530][gc,init] Version: 20.0.2+9-78 (release)
[2024-06-16T07:25:43.894+0530][gc,init] CPUs: 8 total, 8 available
[2024-06-16T07:25:43.894+0530][gc,init] Memory: 16384M
[2024-06-16T07:25:43.894+0530][gc,init] Large Page Support: Disabled
[2024-06-16T07:25:43.894+0530][gc,init] NUMA Support: Disabled
[2024-06-16T07:25:43.894+0530][gc,init] Compressed Oops: Enabled (Zero based)
[2024-06-16T07:25:43.894+0530][gc,init] Heap Region Size: 1M
[2024-06-16T07:25:43.894+0530][gc,init] Heap Min Capacity: 1G
[2024-06-16T07:25:43.894+0530][gc,init] Heap Initial Capacity: 1G
[2024-06-16T07:25:43.894+0530][gc,init] Heap Max Capacity: 1G
[2024-06-16T07:25:43.894+0530][gc,init] Pre-touch: Disabled
[2024-06-16T07:25:43.894+0530][gc,init] Parallel Workers: 8
[2024-06-16T07:25:43.894+0530][gc,init] Concurrent Workers: 2
[2024-06-16T07:25:43.894+0530][gc,init] Concurrent Refinement Workers: 8
[2024-06-16T07:25:43.894+0530][gc,init] Periodic GC: Disabled
[2024-06-16T07:25:43.897+0530][gc,metaspace] CDS archive(s) mapped at: [0x0000009800000000-0x0000009800c78000-0x0000009800c78000), size 13074432, SharedBaseAddress: 0x0000009800000000, ArchiveRelocationMode: 1.
[2024-06-16T07:25:43.897+0530][gc,metaspace] Compressed class space mapped at: 0x0000009801000000-0x0000009841000000, reserved size: 1073741824
[2024-06-16T07:25:43.897+0530][gc,metaspace] Narrow klass base: 0x0000009800000000, Narrow klass shift: 0, Narrow klass range: 0x100000000
[2024-06-16T07:25:44.501+0530][gc,start    ] GC(0) Pause Young (Normal) (G1 Evacuation Pause)
[2024-06-16T07:25:44.501+0530][gc,task     ] GC(0) Using 8 workers of 8 for evacuation
[2024-06-16T07:25:44.503+0530][gc,phases   ] GC(0)   Pre Evacuate Collection Set: 0.2ms
[2024-06-16T07:25:44.504+0530][gc,phases   ] GC(0)   Merge Heap Roots: 0.0ms
[2024-06-16T07:25:44.504+0530][gc,phases   ] GC(0)   Evacuate Collection Set: 2.0ms
[2024-06-16T07:25:44.504+0530][gc,phases   ] GC(0)   Post Evacuate Collection Set: 0.3ms
[2024-06-16T07:25:44.504+0530][gc,phases   ] GC(0)   Other: 0.2ms
[2024-06-16T07:25:44.504+0530][gc,heap     ] GC(0) Eden regions: 51->0(44)
[2024-06-16T07:25:44.504+0530][gc,heap     ] GC(0) Survivor regions: 0->7(7)
[2024-06-16T07:25:44.504+0530][gc,heap     ] GC(0) Old regions: 0->1
[2024-06-16T07:25:44.504+0530][gc,heap     ] GC(0) Archive regions: 2->2
[2024-06-16T07:25:44.504+0530][gc,heap     ] GC(0) Humongous regions: 0->0
[2024-06-16T07:25:44.504+0530][gc,metaspace] GC(0) Metaspace: 17783K(18048K)->17783K(18048K) NonClass: 15730K(15872K)->15730K(15872K) Class: 2052K(2176K)->2052K(2176K)
[2024-06-16T07:25:44.504+0530][gc          ] GC(0) Pause Young (Normal) (G1 Evacuation Pause) 51M->8M(1024M) 2.793ms
[2024-06-16T07:25:44.504+0530][gc,cpu      ] GC(0) User=0.01s Sys=0.00s Real=0.00s
[2024-06-16T07:25:44.591+0530][gc,start    ] GC(1) Pause Young (Concurrent Start) (Metadata GC Threshold)
[2024-06-16T07:25:44.591+0530][gc,task     ] GC(1) Using 8 workers of 8 for evacuation
[2024-06-16T07:25:44.593+0530][gc,phases   ] GC(1)   Pre Evacuate Collection Set: 0.1ms
[2024-06-16T07:25:44.593+0530][gc,phases   ] GC(1)   Merge Heap Roots: 0.0ms
[2024-06-16T07:25:44.593+0530][gc,phases   ] GC(1)   Evacuate Collection Set: 1.9ms
[2024-06-16T07:25:44.593+0530][gc,phases   ] GC(1)   Post Evacuate Collection Set: 0.2ms
[2024-06-16T07:25:44.593+0530][gc,phases   ] GC(1)   Other: 0.0ms
[2024-06-16T07:25:44.593+0530][gc,heap     ] GC(1) Eden regions: 14->0(49)
[2024-06-16T07:25:44.593+0530][gc,heap     ] GC(1) Survivor regions: 7->2(7)
[2024-06-16T07:25:44.593+0530][gc,heap     ] GC(1) Old regions: 1->9
[2024-06-16T07:25:44.593+0530][gc,heap     ] GC(1) Archive regions: 2->2
[2024-06-16T07:25:44.593+0530][gc,heap     ] GC(1) Humongous regions: 0->0
[2024-06-16T07:25:44.593+0530][gc,metaspace] GC(1) Metaspace: 21311K(21504K)->21311K(21504K) NonClass: 18827K(18944K)->18827K(18944K) Class: 2484K(2560K)->2484K(2560K)
[2024-06-16T07:25:44.593+0530][gc          ] GC(1) Pause Young (Concurrent Start) (Metadata GC Threshold) 22M->10M(1024M) 2.436ms
[2024-06-16T07:25:44.593+0530][gc          ] GC(2) Concurrent Mark Cycle
[2024-06-16T07:25:44.593+0530][gc,cpu      ] GC(1) User=0.01s Sys=0.00s Real=0.00s
[2024-06-16T07:25:44.593+0530][gc,marking  ] GC(2) Concurrent Scan Root Regions
[2024-06-16T07:25:44.595+0530][gc,marking  ] GC(2) Concurrent Scan Root Regions 1.081ms
[2024-06-16T07:25:44.595+0530][gc,marking  ] GC(2) Concurrent Mark
[2024-06-16T07:25:44.595+0530][gc,marking  ] GC(2) Concurrent Mark From Roots
[2024-06-16T07:25:44.595+0530][gc,task     ] GC(2) Using 2 workers of 2 for marking
[2024-06-16T07:25:44.595+0530][gc,marking  ] GC(2) Concurrent Mark From Roots 0.457ms
[2024-06-16T07:25:44.595+0530][gc,marking  ] GC(2) Concurrent Preclean
[2024-06-16T07:25:44.595+0530][gc,marking  ] GC(2) Concurrent Preclean 0.007ms
[2024-06-16T07:25:44.595+0530][gc,start    ] GC(2) Pause Remark
[2024-06-16T07:25:44.596+0530][gc          ] GC(2) Pause Remark 11M->11M(1024M) 0.983ms
[2024-06-16T07:25:44.596+0530][gc,cpu      ] GC(2) User=0.00s Sys=0.00s Real=0.00s
[2024-06-16T07:25:44.596+0530][gc,marking  ] GC(2) Concurrent Mark 1.532ms
[2024-06-16T07:25:44.596+0530][gc,marking  ] GC(2) Concurrent Rebuild Remembered Sets and Scrub Regions
[2024-06-16T07:25:44.597+0530][gc,marking  ] GC(2) Concurrent Rebuild Remembered Sets and Scrub Regions 1.170ms
[2024-06-16T07:25:44.597+0530][gc,start    ] GC(2) Pause Cleanup
[2024-06-16T07:25:44.597+0530][gc          ] GC(2) Pause Cleanup 11M->11M(1024M) 0.080ms
[2024-06-16T07:25:44.597+0530][gc,cpu      ] GC(2) User=0.00s Sys=0.00s Real=0.00s
[2024-06-16T07:25:44.598+0530][gc,marking  ] GC(2) Concurrent Clear Claimed Marks
[2024-06-16T07:25:44.598+0530][gc,marking  ] GC(2) Concurrent Clear Claimed Marks 0.012ms
[2024-06-16T07:25:44.598+0530][gc,marking  ] GC(2) Concurrent Cleanup for Next Mark
[2024-06-16T07:25:44.599+0530][gc,marking  ] GC(2) Concurrent Cleanup for Next Mark 1.365ms
[2024-06-16T07:25:44.599+0530][gc          ] GC(2) Concurrent Mark Cycle 5.479ms
[2024-06-16T07:25:44.953+0530][gc,start    ] GC(3) Pause Young (Normal) (G1 Evacuation Pause)
[2024-06-16T07:25:44.953+0530][gc,task     ] GC(3) Using 8 workers of 8 for evacuation
[2024-06-16T07:25:44.955+0530][gc,phases   ] GC(3)   Pre Evacuate Collection Set: 0.1ms
[2024-06-16T07:25:44.955+0530][gc,phases   ] GC(3)   Merge Heap Roots: 0.0ms
[2024-06-16T07:25:44.955+0530][gc,phases   ] GC(3)   Evacuate Collection Set: 1.5ms
[2024-06-16T07:25:44.955+0530][gc,phases   ] GC(3)   Post Evacuate Collection Set: 0.2ms
[2024-06-16T07:25:44.955+0530][gc,phases   ] GC(3)   Other: 0.0ms
[2024-06-16T07:25:44.955+0530][gc,heap     ] GC(3) Eden regions: 49->0(45)
[2024-06-16T07:25:44.955+0530][gc,heap     ] GC(3) Survivor regions: 2->6(7)
[2024-06-16T07:25:44.955+0530][gc,heap     ] GC(3) Old regions: 9->9
[2024-06-16T07:25:44.955+0530][gc,heap     ] GC(3) Archive regions: 2->2
[2024-06-16T07:25:44.955+0530][gc,heap     ] GC(3) Humongous regions: 129->129
[2024-06-16T07:25:44.955+0530][gc,metaspace] GC(3) Metaspace: 30997K(31296K)->30997K(31296K) NonClass: 27579K(27712K)->27579K(27712K) Class: 3418K(3584K)->3418K(3584K)
[2024-06-16T07:25:44.955+0530][gc          ] GC(3) Pause Young (Normal) (G1 Evacuation Pause) 188M->143M(1024M) 1.941ms
[2024-06-16T07:25:44.955+0530][gc,cpu      ] GC(3) User=0.02s Sys=0.00s Real=0.00s
[2024-06-16T07:25:45.074+0530][gc,start    ] GC(4) Pause Young (Concurrent Start) (Metadata GC Threshold)
[2024-06-16T07:25:45.074+0530][gc,task     ] GC(4) Using 8 workers of 8 for evacuation
[2024-06-16T07:25:45.078+0530][gc,phases   ] GC(4)   Pre Evacuate Collection Set: 0.2ms
[2024-06-16T07:25:45.078+0530][gc,phases   ] GC(4)   Merge Heap Roots: 0.0ms
[2024-06-16T07:25:45.078+0530][gc,phases   ] GC(4)   Evacuate Collection Set: 2.8ms
[2024-06-16T07:25:45.078+0530][gc,phases   ] GC(4)   Post Evacuate Collection Set: 0.2ms
[2024-06-16T07:25:45.078+0530][gc,phases   ] GC(4)   Other: 0.0ms
[2024-06-16T07:25:45.078+0530][gc,heap     ] GC(4) Eden regions: 19->0(49)
[2024-06-16T07:25:45.078+0530][gc,heap     ] GC(4) Survivor regions: 6->2(7)
[2024-06-16T07:25:45.078+0530][gc,heap     ] GC(4) Old regions: 9->14
[2024-06-16T07:25:45.078+0530][gc,heap     ] GC(4) Archive regions: 2->2
[2024-06-16T07:25:45.078+0530][gc,heap     ] GC(4) Humongous regions: 129->129
[2024-06-16T07:25:45.078+0530][gc,metaspace] GC(4) Metaspace: 35633K(35968K)->35633K(35968K) NonClass: 31790K(31936K)->31790K(31936K) Class: 3843K(4032K)->3843K(4032K)
[2024-06-16T07:25:45.078+0530][gc          ] GC(4) Pause Young (Concurrent Start) (Metadata GC Threshold) 162M->145M(1024M) 3.366ms
[2024-06-16T07:25:45.078+0530][gc          ] GC(5) Concurrent Mark Cycle
[2024-06-16T07:25:45.078+0530][gc,cpu      ] GC(4) User=0.01s Sys=0.00s Real=0.00s
[2024-06-16T07:25:45.078+0530][gc,marking  ] GC(5) Concurrent Scan Root Regions
[2024-06-16T07:25:45.080+0530][gc,marking  ] GC(5) Concurrent Scan Root Regions 2.228ms
[2024-06-16T07:25:45.080+0530][gc,marking  ] GC(5) Concurrent Mark
[2024-06-16T07:25:45.080+0530][gc,marking  ] GC(5) Concurrent Mark From Roots
[2024-06-16T07:25:45.080+0530][gc,task     ] GC(5) Using 2 workers of 2 for marking
[2024-06-16T07:25:45.084+0530][gc,marking  ] GC(5) Concurrent Mark From Roots 3.819ms
[2024-06-16T07:25:45.084+0530][gc,marking  ] GC(5) Concurrent Preclean
[2024-06-16T07:25:45.084+0530][gc,marking  ] GC(5) Concurrent Preclean 0.050ms
[2024-06-16T07:25:45.084+0530][gc,start    ] GC(5) Pause Remark
[2024-06-16T07:25:45.085+0530][gc          ] GC(5) Pause Remark 146M->146M(1024M) 0.974ms
[2024-06-16T07:25:45.085+0530][gc,cpu      ] GC(5) User=0.01s Sys=0.00s Real=0.00s
[2024-06-16T07:25:45.085+0530][gc,marking  ] GC(5) Concurrent Mark 5.041ms
[2024-06-16T07:25:45.085+0530][gc,marking  ] GC(5) Concurrent Rebuild Remembered Sets and Scrub Regions
[2024-06-16T07:25:45.087+0530][gc,marking  ] GC(5) Concurrent Rebuild Remembered Sets and Scrub Regions 2.051ms
[2024-06-16T07:25:45.087+0530][gc,start    ] GC(5) Pause Cleanup
[2024-06-16T07:25:45.087+0530][gc          ] GC(5) Pause Cleanup 147M->147M(1024M) 0.094ms
[2024-06-16T07:25:45.087+0530][gc,cpu      ] GC(5) User=0.00s Sys=0.00s Real=0.00s
[2024-06-16T07:25:45.088+0530][gc,marking  ] GC(5) Concurrent Clear Claimed Marks
[2024-06-16T07:25:45.088+0530][gc,marking  ] GC(5) Concurrent Clear Claimed Marks 0.017ms
[2024-06-16T07:25:45.088+0530][gc,marking  ] GC(5) Concurrent Cleanup for Next Mark
[2024-06-16T07:25:45.088+0530][gc,marking  ] GC(5) Concurrent Cleanup for Next Mark 0.890ms
[2024-06-16T07:25:45.088+0530][gc          ] GC(5) Concurrent Mark Cycle 10.651ms
[2024-06-16T07:28:21.196+0530][gc,start    ] GC(6) Pause Young (Prepare Mixed) (G1 Evacuation Pause)
[2024-06-16T07:28:21.197+0530][gc,task     ] GC(6) Using 8 workers of 8 for evacuation
[2024-06-16T07:28:21.205+0530][gc,phases   ] GC(6)   Pre Evacuate Collection Set: 0.4ms
[2024-06-16T07:28:21.205+0530][gc,phases   ] GC(6)   Merge Heap Roots: 0.1ms
[2024-06-16T07:28:21.205+0530][gc,phases   ] GC(6)   Evacuate Collection Set: 6.8ms
[2024-06-16T07:28:21.205+0530][gc,phases   ] GC(6)   Post Evacuate Collection Set: 0.8ms
[2024-06-16T07:28:21.205+0530][gc,phases   ] GC(6)   Other: 0.1ms
[2024-06-16T07:28:21.205+0530][gc,heap     ] GC(6) Eden regions: 49->0(46)
[2024-06-16T07:28:21.205+0530][gc,heap     ] GC(6) Survivor regions: 2->5(7)
[2024-06-16T07:28:21.205+0530][gc,heap     ] GC(6) Old regions: 14->14
[2024-06-16T07:28:21.205+0530][gc,heap     ] GC(6) Archive regions: 2->2
[2024-06-16T07:28:21.205+0530][gc,heap     ] GC(6) Humongous regions: 153->129
[2024-06-16T07:28:21.205+0530][gc,metaspace] GC(6) Metaspace: 41210K(41728K)->41210K(41728K) NonClass: 36565K(36864K)->36565K(36864K) Class: 4645K(4864K)->4645K(4864K)
[2024-06-16T07:28:21.205+0530][gc          ] GC(6) Pause Young (Prepare Mixed) (G1 Evacuation Pause) 218M->147M(1024M) 9.579ms
[2024-06-16T07:28:21.205+0530][gc,cpu      ] GC(6) User=0.02s Sys=0.01s Real=0.01s
[2024-06-16T07:32:26.876+0530][gc,start    ] GC(7) Pause Young (Mixed) (G1 Evacuation Pause)
[2024-06-16T07:32:26.876+0530][gc,task     ] GC(7) Using 8 workers of 8 for evacuation
[2024-06-16T07:32:26.884+0530][gc,phases   ] GC(7)   Pre Evacuate Collection Set: 0.5ms
[2024-06-16T07:32:26.884+0530][gc,phases   ] GC(7)   Merge Heap Roots: 0.1ms
[2024-06-16T07:32:26.884+0530][gc,phases   ] GC(7)   Evacuate Collection Set: 6.2ms
[2024-06-16T07:32:26.884+0530][gc,phases   ] GC(7)   Post Evacuate Collection Set: 0.6ms
[2024-06-16T07:32:26.884+0530][gc,phases   ] GC(7)   Other: 0.2ms
[2024-06-16T07:32:26.884+0530][gc,heap     ] GC(7) Eden regions: 46->0(47)
[2024-06-16T07:32:26.884+0530][gc,heap     ] GC(7) Survivor regions: 5->4(7)
[2024-06-16T07:32:26.884+0530][gc,heap     ] GC(7) Old regions: 14->15
[2024-06-16T07:32:26.884+0530][gc,heap     ] GC(7) Archive regions: 2->2
[2024-06-16T07:32:26.884+0530][gc,heap     ] GC(7) Humongous regions: 129->129
[2024-06-16T07:32:26.884+0530][gc,metaspace] GC(7) Metaspace: 41680K(42240K)->41680K(42240K) NonClass: 36964K(37312K)->36964K(37312K) Class: 4716K(4928K)->4716K(4928K)
[2024-06-16T07:32:26.884+0530][gc          ] GC(7) Pause Young (Mixed) (G1 Evacuation Pause) 193M->148M(1024M) 8.349ms
[2024-06-16T07:32:26.884+0530][gc,cpu      ] GC(7) User=0.02s Sys=0.01s Real=0.01s
[2024-06-16T07:36:59.102+0530][gc,start    ] GC(8) Pause Young (Normal) (G1 Evacuation Pause)
[2024-06-16T07:36:59.103+0530][gc,task     ] GC(8) Using 8 workers of 8 for evacuation
[2024-06-16T07:36:59.109+0530][gc,phases   ] GC(8)   Pre Evacuate Collection Set: 0.5ms
[2024-06-16T07:36:59.109+0530][gc,phases   ] GC(8)   Merge Heap Roots: 0.2ms
[2024-06-16T07:36:59.109+0530][gc,phases   ] GC(8)   Evacuate Collection Set: 5.2ms
[2024-06-16T07:36:59.109+0530][gc,phases   ] GC(8)   Post Evacuate Collection Set: 0.6ms
[2024-06-16T07:36:59.110+0530][gc,phases   ] GC(8)   Other: 0.1ms
[2024-06-16T07:36:59.110+0530][gc,heap     ] GC(8) Eden regions: 47->0(47)
[2024-06-16T07:36:59.110+0530][gc,heap     ] GC(8) Survivor regions: 4->4(7)
[2024-06-16T07:36:59.110+0530][gc,heap     ] GC(8) Old regions: 15->15
[2024-06-16T07:36:59.110+0530][gc,heap     ] GC(8) Archive regions: 2->2
[2024-06-16T07:36:59.110+0530][gc,heap     ] GC(8) Humongous regions: 129->129
[2024-06-16T07:36:59.110+0530][gc,metaspace] GC(8) Metaspace: 41798K(42368K)->41798K(42368K) NonClass: 37070K(37376K)->37070K(37376K) Class: 4727K(4992K)->4727K(4992K)
[2024-06-16T07:36:59.110+0530][gc          ] GC(8) Pause Young (Normal) (G1 Evacuation Pause) 195M->148M(1024M) 7.516ms
[2024-06-16T07:36:59.110+0530][gc,cpu      ] GC(8) User=0.02s Sys=0.01s Real=0.01s
[2024-06-16T07:41:29.258+0530][gc,start    ] GC(9) Pause Young (Normal) (G1 Evacuation Pause)
[2024-06-16T07:41:29.258+0530][gc,task     ] GC(9) Using 8 workers of 8 for evacuation
[2024-06-16T07:41:29.266+0530][gc,phases   ] GC(9)   Pre Evacuate Collection Set: 0.3ms
[2024-06-16T07:41:29.266+0530][gc,phases   ] GC(9)   Merge Heap Roots: 0.1ms
[2024-06-16T07:41:29.266+0530][gc,phases   ] GC(9)   Evacuate Collection Set: 6.8ms
[2024-06-16T07:41:29.266+0530][gc,phases   ] GC(9)   Post Evacuate Collection Set: 0.5ms
[2024-06-16T07:41:29.266+0530][gc,phases   ] GC(9)   Other: 0.1ms
[2024-06-16T07:41:29.266+0530][gc,heap     ] GC(9) Eden regions: 47->0(47)
[2024-06-16T07:41:29.266+0530][gc,heap     ] GC(9) Survivor regions: 4->4(7)
[2024-06-16T07:41:29.266+0530][gc,heap     ] GC(9) Old regions: 15->15
[2024-06-16T07:41:29.266+0530][gc,heap     ] GC(9) Archive regions: 2->2
[2024-06-16T07:41:29.266+0530][gc,heap     ] GC(9) Humongous regions: 129->129
[2024-06-16T07:41:29.266+0530][gc,metaspace] GC(9) Metaspace: 41900K(42496K)->41900K(42496K) NonClass: 37172K(37504K)->37172K(37504K) Class: 4727K(4992K)->4727K(4992K)
[2024-06-16T07:41:29.266+0530][gc          ] GC(9) Pause Young (Normal) (G1 Evacuation Pause) 195M->148M(1024M) 8.654ms
[2024-06-16T07:41:29.266+0530][gc,cpu      ] GC(9) User=0.02s Sys=0.01s Real=0.01s
[2024-06-16T07:46:47.459+0530][gc,start    ] GC(10) Pause Young (Normal) (G1 Evacuation Pause)
[2024-06-16T07:46:47.459+0530][gc,task     ] GC(10) Using 8 workers of 8 for evacuation
[2024-06-16T07:46:47.467+0530][gc,phases   ] GC(10)   Pre Evacuate Collection Set: 0.4ms
[2024-06-16T07:46:47.467+0530][gc,phases   ] GC(10)   Merge Heap Roots: 0.1ms
[2024-06-16T07:46:47.468+0530][gc,phases   ] GC(10)   Evacuate Collection Set: 7.1ms
[2024-06-16T07:46:47.468+0530][gc,phases   ] GC(10)   Post Evacuate Collection Set: 0.5ms
[2024-06-16T07:46:47.468+0530][gc,phases   ] GC(10)   Other: 0.1ms
[2024-06-16T07:46:47.468+0530][gc,heap     ] GC(10) Eden regions: 47->0(47)
[2024-06-16T07:46:47.468+0530][gc,heap     ] GC(10) Survivor regions: 4->4(7)
[2024-06-16T07:46:47.468+0530][gc,heap     ] GC(10) Old regions: 15->15
[2024-06-16T07:46:47.468+0530][gc,heap     ] GC(10) Archive regions: 2->2
[2024-06-16T07:46:47.468+0530][gc,heap     ] GC(10) Humongous regions: 129->129
[2024-06-16T07:46:47.468+0530][gc,metaspace] GC(10) Metaspace: 41954K(42496K)->41954K(42496K) NonClass: 37226K(37504K)->37226K(37504K) Class: 4727K(4992K)->4727K(4992K)
[2024-06-16T07:46:47.468+0530][gc          ] GC(10) Pause Young (Normal) (G1 Evacuation Pause) 195M->148M(1024M) 9.181ms
[2024-06-16T07:46:47.468+0530][gc,cpu      ] GC(10) User=0.03s Sys=0.01s Real=0.01s
[2024-06-16T07:52:58.638+0530][gc,start    ] GC(11) Pause Young (Normal) (G1 Evacuation Pause)
[2024-06-16T07:52:58.638+0530][gc,task     ] GC(11) Using 8 workers of 8 for evacuation
[2024-06-16T07:52:58.641+0530][gc,phases   ] GC(11)   Pre Evacuate Collection Set: 0.1ms
[2024-06-16T07:52:58.641+0530][gc,phases   ] GC(11)   Merge Heap Roots: 0.1ms
[2024-06-16T07:52:58.641+0530][gc,phases   ] GC(11)   Evacuate Collection Set: 2.6ms
[2024-06-16T07:52:58.641+0530][gc,phases   ] GC(11)   Post Evacuate Collection Set: 0.3ms
[2024-06-16T07:52:58.641+0530][gc,phases   ] GC(11)   Other: 0.0ms
[2024-06-16T07:52:58.641+0530][gc,heap     ] GC(11) Eden regions: 47->0(52)
[2024-06-16T07:52:58.641+0530][gc,heap     ] GC(11) Survivor regions: 4->5(7)
[2024-06-16T07:52:58.641+0530][gc,heap     ] GC(11) Old regions: 15->15
[2024-06-16T07:52:58.641+0530][gc,heap     ] GC(11) Archive regions: 2->2
[2024-06-16T07:52:58.641+0530][gc,heap     ] GC(11) Humongous regions: 129->129
[2024-06-16T07:52:58.641+0530][gc,metaspace] GC(11) Metaspace: 42893K(43392K)->42893K(43392K) NonClass: 37988K(38272K)->37988K(38272K) Class: 4905K(5120K)->4905K(5120K)
[2024-06-16T07:52:58.641+0530][gc          ] GC(11) Pause Young (Normal) (G1 Evacuation Pause) 195M->148M(1024M) 3.310ms
[2024-06-16T07:52:58.641+0530][gc,cpu      ] GC(11) User=0.02s Sys=0.01s Real=0.01s
[2024-06-16T07:52:58.645+0530][gc,heap,exit] Heap
[2024-06-16T07:52:58.645+0530][gc,heap,exit]  garbage-first heap   total 1048576K, used 153792K [0x00000007c0000000, 0x0000000800000000)
[2024-06-16T07:52:58.645+0530][gc,heap,exit]   region size 1024K, 7 young (7168K), 5 survivors (5120K)
[2024-06-16T07:52:58.645+0530][gc,heap,exit]  Metaspace       used 42918K, committed 43456K, reserved 1114112K
[2024-06-16T07:52:58.645+0530][gc,heap,exit]   class space    used 4912K, committed 5120K, reserved 1048576K
